Release 14.1 - xst P.15xf (nt64)
Copyright (c) 1995-2012 Xilinx, Inc.  All rights reserved.
--> Parameter TMPDIR set to xst/projnav.tmp


Total REAL time to Xst completion: 0.00 secs
Total CPU time to Xst completion: 0.18 secs
 
--> Parameter xsthdpdir set to xst


Total REAL time to Xst completion: 0.00 secs
Total CPU time to Xst completion: 0.18 secs
 
--> Reading design: TOP.prj

TABLE OF CONTENTS
  1) Synthesis Options Summary
  2) HDL Parsing
  3) HDL Elaboration
  4) HDL Synthesis
       4.1) HDL Synthesis Report
  5) Advanced HDL Synthesis
       5.1) Advanced HDL Synthesis Report
  6) Low Level Synthesis
  7) Partition Report
  8) Design Summary
       8.1) Primitive and Black Box Usage
       8.2) Device utilization summary
       8.3) Partition Resource Summary
       8.4) Timing Report
            8.4.1) Clock Information
            8.4.2) Asynchronous Control Signals Information
            8.4.3) Timing Summary
            8.4.4) Timing Details
            8.4.5) Cross Clock Domains Report


=========================================================================
*                      Synthesis Options Summary                        *
=========================================================================
---- Source Parameters
Input File Name                    : "TOP.prj"
Ignore Synthesis Constraint File   : NO

---- Target Parameters
Output File Name                   : "TOP"
Output Format                      : NGC
Target Device                      : xc6slx16-2-csg324

---- Source Options
Top Module Name                    : TOP
Automatic FSM Extraction           : YES
FSM Encoding Algorithm             : Auto
Safe Implementation                : No
FSM Style                          : LUT
RAM Extraction                     : Yes
RAM Style                          : Auto
ROM Extraction                     : Yes
Shift Register Extraction          : YES
ROM Style                          : Auto
Resource Sharing                   : YES
Asynchronous To Synchronous        : NO
Shift Register Minimum Size        : 2
Use DSP Block                      : Auto
Automatic Register Balancing       : No

---- Target Options
LUT Combining                      : Auto
Reduce Control Sets                : Auto
Add IO Buffers                     : YES
Global Maximum Fanout              : 100000
Add Generic Clock Buffer(BUFG)     : 16
Register Duplication               : YES
Optimize Instantiated Primitives   : NO
Use Clock Enable                   : Auto
Use Synchronous Set                : Auto
Use Synchronous Reset              : Auto
Pack IO Registers into IOBs        : Auto
Equivalent register Removal        : YES

---- General Options
Optimization Goal                  : Speed
Optimization Effort                : 1
Power Reduction                    : NO
Keep Hierarchy                     : No
Netlist Hierarchy                  : As_Optimized
RTL Output                         : Yes
Global Optimization                : AllClockNets
Read Cores                         : YES
Write Timing Constraints           : NO
Cross Clock Analysis               : NO
Hierarchy Separator                : /
Bus Delimiter                      : <>
Case Specifier                     : Maintain
Slice Utilization Ratio            : 100
BRAM Utilization Ratio             : 100
DSP48 Utilization Ratio            : 100
Auto BRAM Packing                  : NO
Slice Utilization Ratio Delta      : 5

=========================================================================


=========================================================================
*                          HDL Parsing                                  *
=========================================================================
Parsing VHDL file "C:\Users\Jeremy\Documents\GitHub\fobos clone\memory_buffer_latest\src\ipcore_dir\FIFO214.vhd" into library work
Parsing entity <FIFO214>.
Parsing architecture <FIFO214_a> of entity <fifo214>.
Parsing VHDL file "C:\Users\Jeremy\Documents\GitHub\fobos clone\memory_buffer_latest\src\ipcore_dir\DRAM211.vhd" into library work
Parsing entity <DRAM211>.
Parsing architecture <DRAM211_a> of entity <dram211>.
Parsing VHDL file "C:\Users\Jeremy\Documents\GitHub\fobos clone\memory_buffer_latest\src\TOP.vhd" into library work
Parsing entity <TOP>.
Parsing architecture <top_arch> of entity <top>.

=========================================================================
*                            HDL Elaboration                            *
=========================================================================

Elaborating entity <TOP> (architecture <top_arch>) from library <work>.

Elaborating entity <FIFO214> (architecture <FIFO214_a>) from library <work>.

Elaborating entity <DRAM211> (architecture <DRAM211_a>) from library <work>.

=========================================================================
*                           HDL Synthesis                               *
=========================================================================

Synthesizing Unit <TOP>.
    Related source file is "C:\Users\Jeremy\Documents\GitHub\fobos clone\memory_buffer_latest\src\TOP.vhd".
    Summary:
	inferred   1 Multiplexer(s).
Unit <TOP> synthesized.

=========================================================================
HDL Synthesis Report

Macro Statistics
# Multiplexers                                         : 1
 16-bit 2-to-1 multiplexer                             : 1

=========================================================================

=========================================================================
*                       Advanced HDL Synthesis                          *
=========================================================================

Reading core <FIFO214.ngc>.
Reading core <DRAM211.ngc>.
Loading core <FIFO214> for timing and area information for instance <FIFO1>.
Loading core <FIFO214> for timing and area information for instance <FIFO2>.
Loading core <DRAM211> for timing and area information for instance <DRAM>.

=========================================================================
Advanced HDL Synthesis Report

Macro Statistics
# Multiplexers                                         : 1
 16-bit 2-to-1 multiplexer                             : 1

=========================================================================

=========================================================================
*                         Low Level Synthesis                           *
=========================================================================

Optimizing unit <TOP> ...

Mapping all equations...
Building and optimizing final netlist ...
Found area constraint ratio of 100 (+ 5) on block TOP, actual ratio is 2.
INFO:Xst:2260 - The FF/Latch <U0/xst_fifo_generator/gconvfifo.rf/grf.rf/gntv_or_sync_fifo.gl0.rd/grss.rsts/ram_empty_i> in Unit <FIFO2> is equivalent to the following FF/Latch : <U0/xst_fifo_generator/gconvfifo.rf/grf.rf/gntv_or_sync_fifo.gl0.rd/grss.rsts/ram_empty_fb_i> 
INFO:Xst:2260 - The FF/Latch <U0/xst_fifo_generator/gconvfifo.rf/grf.rf/gntv_or_sync_fifo.gl0.wr/gwss.wsts/ram_full_i> in Unit <FIFO2> is equivalent to the following FF/Latch : <U0/xst_fifo_generator/gconvfifo.rf/grf.rf/gntv_or_sync_fifo.gl0.wr/gwss.wsts/ram_full_fb_i> 
INFO:Xst:2260 - The FF/Latch <U0/xst_fifo_generator/gconvfifo.rf/grf.rf/gntv_or_sync_fifo.gl0.rd/grss.rsts/ram_empty_i> in Unit <FIFO1> is equivalent to the following FF/Latch : <U0/xst_fifo_generator/gconvfifo.rf/grf.rf/gntv_or_sync_fifo.gl0.rd/grss.rsts/ram_empty_fb_i> 
INFO:Xst:2260 - The FF/Latch <U0/xst_fifo_generator/gconvfifo.rf/grf.rf/gntv_or_sync_fifo.gl0.wr/gwss.wsts/ram_full_i> in Unit <FIFO1> is equivalent to the following FF/Latch : <U0/xst_fifo_generator/gconvfifo.rf/grf.rf/gntv_or_sync_fifo.gl0.wr/gwss.wsts/ram_full_fb_i> 
INFO:Xst:2260 - The FF/Latch <U0/xst_fifo_generator/gconvfifo.rf/grf.rf/gntv_or_sync_fifo.gl0.rd/grss.rsts/ram_empty_i> in Unit <FIFO2> is equivalent to the following FF/Latch : <U0/xst_fifo_generator/gconvfifo.rf/grf.rf/gntv_or_sync_fifo.gl0.rd/grss.rsts/ram_empty_fb_i> 
INFO:Xst:2260 - The FF/Latch <U0/xst_fifo_generator/gconvfifo.rf/grf.rf/gntv_or_sync_fifo.gl0.wr/gwss.wsts/ram_full_i> in Unit <FIFO2> is equivalent to the following FF/Latch : <U0/xst_fifo_generator/gconvfifo.rf/grf.rf/gntv_or_sync_fifo.gl0.wr/gwss.wsts/ram_full_fb_i> 
INFO:Xst:2260 - The FF/Latch <U0/xst_fifo_generator/gconvfifo.rf/grf.rf/gntv_or_sync_fifo.gl0.rd/grss.rsts/ram_empty_i> in Unit <FIFO1> is equivalent to the following FF/Latch : <U0/xst_fifo_generator/gconvfifo.rf/grf.rf/gntv_or_sync_fifo.gl0.rd/grss.rsts/ram_empty_fb_i> 
INFO:Xst:2260 - The FF/Latch <U0/xst_fifo_generator/gconvfifo.rf/grf.rf/gntv_or_sync_fifo.gl0.wr/gwss.wsts/ram_full_i> in Unit <FIFO1> is equivalent to the following FF/Latch : <U0/xst_fifo_generator/gconvfifo.rf/grf.rf/gntv_or_sync_fifo.gl0.wr/gwss.wsts/ram_full_fb_i> 

Final Macro Processing ...

=========================================================================
Final Register Report

Found no macro
=========================================================================

=========================================================================
*                           Partition Report                            *
=========================================================================

Partition Implementation Status
-------------------------------

  No Partitions were found in this design.

-------------------------------

=========================================================================
*                            Design Summary                             *
=========================================================================

Top Level Output File Name         : TOP.ngc

Primitive and Black Box Usage:
------------------------------
# BELS                             : 468
#      GND                         : 4
#      INV                         : 4
#      LUT1                        : 52
#      LUT2                        : 8
#      LUT3                        : 18
#      LUT4                        : 96
#      LUT6                        : 72
#      MUXCY                       : 108
#      MUXF7                       : 48
#      VCC                         : 2
#      XORCY                       : 56
# FlipFlops/Latches                : 142
#      FD                          : 24
#      FDE                         : 6
#      FDRE                        : 108
#      FDSE                        : 4
# RAMS                             : 158
#      RAM256X1S                   : 128
#      RAMB16BWER                  : 30
# Clock Buffers                    : 1
#      BUFGP                       : 1
# IO Buffers                       : 102
#      IBUF                        : 34
#      OBUF                        : 68

Device utilization summary:
---------------------------

Selected Device : 6slx16csg324-2 


Slice Logic Utilization: 
 Number of Slice Registers:             142  out of  18224     0%  
 Number of Slice LUTs:                  762  out of   9112     8%  
    Number used as Logic:               250  out of   9112     2%  
    Number used as Memory:              512  out of   2176    23%  
       Number used as RAM:              512

Slice Logic Distribution: 
 Number of LUT Flip Flop pairs used:    828
   Number with an unused Flip Flop:     686  out of    828    82%  
   Number with an unused LUT:            66  out of    828     7%  
   Number of fully used LUT-FF pairs:    76  out of    828     9%  
   Number of unique control sets:        11

IO Utilization: 
 Number of IOs:                         103
 Number of bonded IOBs:                 103  out of    232    44%  

Specific Feature Utilization:
 Number of Block RAM/FIFO:               30  out of     32    93%  
    Number using Block RAM only:         30
 Number of BUFG/BUFGCTRLs:                1  out of     16     6%  

---------------------------
Partition Resource Summary:
---------------------------

  No Partitions were found in this design.

---------------------------


=========================================================================
Timing Report

NOTE: THESE TIMING NUMBERS ARE ONLY A SYNTHESIS ESTIMATE.
      FOR ACCURATE TIMING INFORMATION PLEASE REFER TO THE TRACE REPORT
      GENERATED AFTER PLACE-and-ROUTE.

Clock Information:
------------------
-----------------------------------+------------------------+-------+
Clock Signal                       | Clock buffer(FF name)  | Load  |
-----------------------------------+------------------------+-------+
CLOCK                              | BUFGP                  | 300   |
-----------------------------------+------------------------+-------+

Asynchronous Control Signals Information:
----------------------------------------
No asynchronous control signals found in this design

Timing Summary:
---------------
Speed Grade: -2

   Minimum period: 4.571ns (Maximum Frequency: 218.771MHz)
   Minimum input arrival time before clock: 6.568ns
   Maximum output required time after clock: 8.458ns
   Maximum combinational path delay: 7.503ns

Timing Details:
---------------
All values displayed in nanoseconds (ns)

=========================================================================
Timing constraint: Default period analysis for Clock 'CLOCK'
  Clock period: 4.571ns (frequency: 218.771MHz)
  Total number of paths / destination ports: 4292 / 1296
-------------------------------------------------------------------------
Delay:               4.571ns (Levels of Logic = 5)
  Source:            FIFO2/U0/xst_fifo_generator/gconvfifo.rf/grf.rf/gntv_or_sync_fifo.mem/gbm.gbmg.gbmga.ngecc.bmg/gnativebmg.native_blk_mem_gen/valid.cstr/ramloop[13].ram.r/s6_noinit.ram/SDP.SIMPLE_PRIM18.ram (RAM)
  Destination:       DRAM/U0/xst_options.dist_mem_inst/gen_sp_ram.spram_inst/Mram_ram128 (RAM)
  Source Clock:      CLOCK rising
  Destination Clock: CLOCK rising

  Data Path: FIFO2/U0/xst_fifo_generator/gconvfifo.rf/grf.rf/gntv_or_sync_fifo.mem/gbm.gbmg.gbmga.ngecc.bmg/gnativebmg.native_blk_mem_gen/valid.cstr/ramloop[13].ram.r/s6_noinit.ram/SDP.SIMPLE_PRIM18.ram to DRAM/U0/xst_options.dist_mem_inst/gen_sp_ram.spram_inst/Mram_ram128
                                Gate     Net
    Cell:in->out      fanout   Delay   Delay  Logical Name (Net Name)
    ----------------------------------------  ------------
     RAMB16BWER:CLKB->DOPB0    1   2.100   0.958  ramloop[13].ram.r/s6_noinit.ram/SDP.SIMPLE_PRIM18.ram (ramloop[13].ram.ram_doutb<8>)
     LUT6:I2->O            1   0.254   0.000  has_mux_b.B/Mmux_dout_mux_36 (has_mux_b.B/Mmux_dout_mux_36)
     MUXF7:I1->O           2   0.175   0.834  has_mux_b.B/Mmux_dout_mux_2_f7_5 (DOUTB<15>)
     end scope: 'FIFO2/U0/xst_fifo_generator/gconvfifo.rf/grf.rf/gntv_or_sync_fifo.mem/gbm.gbmg.gbmga.ngecc.bmg/gnativebmg.native_blk_mem_gen/valid.cstr:DOUTB<15>'
     end scope: 'FIFO2:dout<15>'
     LUT3:I1->O            9   0.250   0.000  Mmux_muxout71 (muxout_15_OBUF)
     begin scope: 'DRAM:d<15>'
     RAM256X1S:D               0.000          U0/xst_options.dist_mem_inst/gen_sp_ram.spram_inst/Mram_ram121
    ----------------------------------------
    Total                      4.571ns (2.779ns logic, 1.792ns route)
                                       (60.8% logic, 39.2% route)

=========================================================================
Timing constraint: Default OFFSET IN BEFORE for Clock 'CLOCK'
  Total number of paths / destination ports: 2402 / 1902
-------------------------------------------------------------------------
Offset:              6.568ns (Levels of Logic = 4)
  Source:            RESET (PAD)
  Destination:       FIFO2/U0/xst_fifo_generator/gconvfifo.rf/grf.rf/gntv_or_sync_fifo.mem/gbm.gbmg.gbmga.ngecc.bmg/gnativebmg.native_blk_mem_gen/valid.cstr/ramloop[7].ram.r/s6_noinit.ram/SDP.SIMPLE_PRIM18.ram (RAM)
  Destination Clock: CLOCK rising

  Data Path: RESET to FIFO2/U0/xst_fifo_generator/gconvfifo.rf/grf.rf/gntv_or_sync_fifo.mem/gbm.gbmg.gbmga.ngecc.bmg/gnativebmg.native_blk_mem_gen/valid.cstr/ramloop[7].ram.r/s6_noinit.ram/SDP.SIMPLE_PRIM18.ram
                                Gate     Net
    Cell:in->out      fanout   Delay   Delay  Logical Name (Net Name)
    ----------------------------------------  ------------
     IBUF:I->O           148   1.328   2.585  RESET_IBUF (RESET_IBUF)
     begin scope: 'FIFO2:srst'
     LUT3:I0->O           18   0.235   1.235  U0/xst_fifo_generator/gconvfifo.rf/grf.rf/gntv_or_sync_fifo.mem/tmp_ram_rd_en1 (U0/xst_fifo_generator/gconvfifo.rf/grf.rf/gntv_or_sync_fifo.mem/tmp_ram_rd_en)
     begin scope: 'FIFO2/U0/xst_fifo_generator/gconvfifo.rf/grf.rf/gntv_or_sync_fifo.mem/gbm.gbmg.gbmga.ngecc.bmg/gnativebmg.native_blk_mem_gen/valid.cstr:ENB'
     LUT4:I3->O            1   0.254   0.681  bindec_b.bindec_inst_b/Mmux_ENOUT<7>11 (enb_array<7>)
     RAMB16BWER:ENB            0.250          ramloop[14].ram.r/s6_noinit.ram/SDP.SIMPLE_PRIM18.ram
    ----------------------------------------
    Total                      6.568ns (2.067ns logic, 4.501ns route)
                                       (31.5% logic, 68.5% route)

=========================================================================
Timing constraint: Default OFFSET OUT AFTER for Clock 'CLOCK'
  Total number of paths / destination ports: 556 / 52
-------------------------------------------------------------------------
Offset:              8.458ns (Levels of Logic = 5)
  Source:            FIFO2/U0/xst_fifo_generator/gconvfifo.rf/grf.rf/gntv_or_sync_fifo.mem/gbm.gbmg.gbmga.ngecc.bmg/gnativebmg.native_blk_mem_gen/valid.cstr/ramloop[13].ram.r/s6_noinit.ram/SDP.SIMPLE_PRIM18.ram (RAM)
  Destination:       muxout<15> (PAD)
  Source Clock:      CLOCK rising

  Data Path: FIFO2/U0/xst_fifo_generator/gconvfifo.rf/grf.rf/gntv_or_sync_fifo.mem/gbm.gbmg.gbmga.ngecc.bmg/gnativebmg.native_blk_mem_gen/valid.cstr/ramloop[13].ram.r/s6_noinit.ram/SDP.SIMPLE_PRIM18.ram to muxout<15>
                                Gate     Net
    Cell:in->out      fanout   Delay   Delay  Logical Name (Net Name)
    ----------------------------------------  ------------
     RAMB16BWER:CLKB->DOPB0    1   2.100   0.958  ramloop[13].ram.r/s6_noinit.ram/SDP.SIMPLE_PRIM18.ram (ramloop[13].ram.ram_doutb<8>)
     LUT6:I2->O            1   0.254   0.000  has_mux_b.B/Mmux_dout_mux_36 (has_mux_b.B/Mmux_dout_mux_36)
     MUXF7:I1->O           2   0.175   0.834  has_mux_b.B/Mmux_dout_mux_2_f7_5 (DOUTB<15>)
     end scope: 'FIFO2/U0/xst_fifo_generator/gconvfifo.rf/grf.rf/gntv_or_sync_fifo.mem/gbm.gbmg.gbmga.ngecc.bmg/gnativebmg.native_blk_mem_gen/valid.cstr:DOUTB<15>'
     end scope: 'FIFO2:dout<15>'
     LUT3:I1->O            9   0.250   0.975  Mmux_muxout71 (muxout_15_OBUF)
     OBUF:I->O                 2.912          muxout_15_OBUF (muxout<15>)
    ----------------------------------------
    Total                      8.458ns (5.691ns logic, 2.767ns route)
                                       (67.3% logic, 32.7% route)

=========================================================================
Timing constraint: Default path analysis
  Total number of paths / destination ports: 96 / 32
-------------------------------------------------------------------------
Delay:               7.503ns (Levels of Logic = 5)
  Source:            DRAM_ADDR<9> (PAD)
  Destination:       Output<15> (PAD)

  Data Path: DRAM_ADDR<9> to Output<15>
                                Gate     Net
    Cell:in->out      fanout   Delay   Delay  Logical Name (Net Name)
    ----------------------------------------  ------------
     IBUF:I->O            40   1.328   2.109  DRAM_ADDR_9_IBUF (DRAM_ADDR_9_IBUF)
     begin scope: 'DRAM:a<9>'
     LUT6:I0->O            1   0.254   0.000  U0/xst_options.dist_mem_inst/gen_sp_ram.spram_inst/inst_LPM_MUX1_3 (U0/xst_options.dist_mem_inst/gen_sp_ram.spram_inst/inst_LPM_MUX1_3)
     MUXF7:I1->O           2   0.175   0.725  U0/xst_options.dist_mem_inst/gen_sp_ram.spram_inst/inst_LPM_MUX1_2_f7 (spo<1>)
     end scope: 'DRAM:spo<1>'
     OBUF:I->O                 2.912          Output_1_OBUF (Output<1>)
    ----------------------------------------
    Total                      7.503ns (4.669ns logic, 2.834ns route)
                                       (62.2% logic, 37.8% route)

=========================================================================

Cross Clock Domains Report:
--------------------------

Clock to Setup on destination clock CLOCK
---------------+---------+---------+---------+---------+
               | Src:Rise| Src:Fall| Src:Rise| Src:Fall|
Source Clock   |Dest:Rise|Dest:Rise|Dest:Fall|Dest:Fall|
---------------+---------+---------+---------+---------+
CLOCK          |    4.571|         |         |         |
---------------+---------+---------+---------+---------+

=========================================================================


Total REAL time to Xst completion: 19.00 secs
Total CPU time to Xst completion: 18.63 secs
 
--> 

Total memory usage is 253504 kilobytes

Number of errors   :    0 (   0 filtered)
Number of warnings :    0 (   0 filtered)
Number of infos    :    8 (   0 filtered)

