--------------------------------------------------------------------------------
Release 14.1 Trace  (nt64)
Copyright (c) 1995-2012 Xilinx, Inc.  All rights reserved.

C:\Xilinx\14.1\ISE_DS\ISE\bin\nt64\unwrapped\trce.exe -intstyle ise -v 3 -s 2
-n 3 -fastpaths -xml TOP.twx TOP.ncd -o TOP.twr TOP.pcf

Design file:              TOP.ncd
Physical constraint file: TOP.pcf
Device,package,speed:     xc6slx16,csg324,C,-2 (PRODUCTION 1.21 2012-04-23)
Report level:             verbose report

Environment Variable      Effect 
--------------------      ------ 
NONE                      No environment variables were set
--------------------------------------------------------------------------------

INFO:Timing:2698 - No timing constraints found, doing default enumeration.
INFO:Timing:3412 - To improve timing, see the Timing Closure User Guide (UG612).
INFO:Timing:2752 - To get complete path coverage, use the unconstrained paths 
   option. All paths that are not constrained will be reported in the 
   unconstrained paths section(s) of the report.
INFO:Timing:3339 - The clock-to-out numbers in this timing report are based on 
   a 50 Ohm transmission line loading model.  For the details of this model, 
   and for more information on accounting for different loading conditions, 
   please see the device datasheet.



Data Sheet report:
-----------------
All values displayed in nanoseconds (ns)

Setup/Hold to clock CLOCK
-------------+------------+------------+------------+------------+------------------+--------+
             |Max Setup to|  Process   |Max Hold to |  Process   |                  | Clock  |
Source       | clk (edge) |   Corner   | clk (edge) |   Corner   |Internal Clock(s) | Phase  |
-------------+------------+------------+------------+------------+------------------+--------+
DRAM_ADDR<0> |    8.382(R)|      SLOW  |    0.079(R)|      SLOW  |CLOCK_BUFGP       |   0.000|
DRAM_ADDR<1> |    8.279(R)|      SLOW  |   -0.195(R)|      SLOW  |CLOCK_BUFGP       |   0.000|
DRAM_ADDR<2> |   10.446(R)|      SLOW  |    0.328(R)|      SLOW  |CLOCK_BUFGP       |   0.000|
DRAM_ADDR<3> |   10.739(R)|      SLOW  |    0.019(R)|      SLOW  |CLOCK_BUFGP       |   0.000|
DRAM_ADDR<4> |    9.555(R)|      SLOW  |    0.235(R)|      SLOW  |CLOCK_BUFGP       |   0.000|
DRAM_ADDR<5> |    8.309(R)|      SLOW  |    0.175(R)|      SLOW  |CLOCK_BUFGP       |   0.000|
DRAM_ADDR<6> |    9.383(R)|      SLOW  |    0.073(R)|      SLOW  |CLOCK_BUFGP       |   0.000|
DRAM_ADDR<7> |    7.521(R)|      SLOW  |    0.135(R)|      SLOW  |CLOCK_BUFGP       |   0.000|
DRAM_ADDR<8> |   12.430(R)|      SLOW  |   -3.858(R)|      FAST  |CLOCK_BUFGP       |   0.000|
DRAM_ADDR<9> |   11.225(R)|      SLOW  |   -1.658(R)|      FAST  |CLOCK_BUFGP       |   0.000|
DRAM_ADDR<10>|    9.614(R)|      SLOW  |   -2.338(R)|      FAST  |CLOCK_BUFGP       |   0.000|
DRAM_WR_EN   |    7.153(R)|      SLOW  |   -0.635(R)|      FAST  |CLOCK_BUFGP       |   0.000|
FIFO1_RD_EN  |    6.665(R)|      SLOW  |   -0.795(R)|      FAST  |CLOCK_BUFGP       |   0.000|
FIFO1_WR_EN  |    7.514(R)|      SLOW  |   -0.746(R)|      FAST  |CLOCK_BUFGP       |   0.000|
FIFO2_RD_EN  |    7.501(R)|      SLOW  |   -0.901(R)|      FAST  |CLOCK_BUFGP       |   0.000|
FIFO2_WR_EN  |    6.482(R)|      SLOW  |   -1.075(R)|      FAST  |CLOCK_BUFGP       |   0.000|
Input<0>     |    4.375(R)|      SLOW  |   -1.277(R)|      FAST  |CLOCK_BUFGP       |   0.000|
Input<1>     |    3.902(R)|      SLOW  |   -1.139(R)|      FAST  |CLOCK_BUFGP       |   0.000|
Input<2>     |    4.542(R)|      SLOW  |   -1.768(R)|      FAST  |CLOCK_BUFGP       |   0.000|
Input<3>     |    2.551(R)|      SLOW  |   -0.764(R)|      FAST  |CLOCK_BUFGP       |   0.000|
Input<4>     |    2.147(R)|      SLOW  |    0.003(R)|      SLOW  |CLOCK_BUFGP       |   0.000|
Input<5>     |    3.821(R)|      SLOW  |   -0.393(R)|      FAST  |CLOCK_BUFGP       |   0.000|
Input<6>     |    3.608(R)|      SLOW  |    0.208(R)|      SLOW  |CLOCK_BUFGP       |   0.000|
Input<7>     |    5.220(R)|      SLOW  |   -0.309(R)|      SLOW  |CLOCK_BUFGP       |   0.000|
Input<8>     |    6.556(R)|      SLOW  |   -0.182(R)|      SLOW  |CLOCK_BUFGP       |   0.000|
Input<9>     |    5.743(R)|      SLOW  |   -0.023(R)|      SLOW  |CLOCK_BUFGP       |   0.000|
Input<10>    |    7.394(R)|      SLOW  |    0.143(R)|      SLOW  |CLOCK_BUFGP       |   0.000|
Input<11>    |    4.915(R)|      SLOW  |   -0.048(R)|      SLOW  |CLOCK_BUFGP       |   0.000|
Input<12>    |    5.506(R)|      SLOW  |    0.072(R)|      SLOW  |CLOCK_BUFGP       |   0.000|
Input<13>    |    5.089(R)|      SLOW  |    0.090(R)|      SLOW  |CLOCK_BUFGP       |   0.000|
Input<14>    |    5.470(R)|      SLOW  |   -0.190(R)|      SLOW  |CLOCK_BUFGP       |   0.000|
Input<15>    |    5.601(R)|      SLOW  |    0.045(R)|      SLOW  |CLOCK_BUFGP       |   0.000|
MUX_SEL      |    9.002(R)|      SLOW  |   -1.297(R)|      FAST  |CLOCK_BUFGP       |   0.000|
RESET        |    8.858(R)|      SLOW  |   -0.120(R)|      SLOW  |CLOCK_BUFGP       |   0.000|
-------------+------------+------------+------------+------------+------------------+--------+

Clock CLOCK to Pad
------------+-----------------+------------+-----------------+------------+------------------+--------+
            |Max (slowest) clk|  Process   |Min (fastest) clk|  Process   |                  | Clock  |
Destination |  (edge) to PAD  |   Corner   |  (edge) to PAD  |   Corner   |Internal Clock(s) | Phase  |
------------+-----------------+------------+-----------------+------------+------------------+--------+
FIFO1_EMPTY |         9.095(R)|      SLOW  |         3.791(R)|      FAST  |CLOCK_BUFGP       |   0.000|
FIFO1_FULL  |         8.866(R)|      SLOW  |         3.655(R)|      FAST  |CLOCK_BUFGP       |   0.000|
FIFO2_EMPTY |         9.077(R)|      SLOW  |         3.704(R)|      FAST  |CLOCK_BUFGP       |   0.000|
FIFO2_FULL  |         9.449(R)|      SLOW  |         3.928(R)|      FAST  |CLOCK_BUFGP       |   0.000|
Output<0>   |        12.126(R)|      SLOW  |         4.957(R)|      FAST  |CLOCK_BUFGP       |   0.000|
Output<1>   |        12.827(R)|      SLOW  |         5.229(R)|      FAST  |CLOCK_BUFGP       |   0.000|
Output<2>   |        11.616(R)|      SLOW  |         4.676(R)|      FAST  |CLOCK_BUFGP       |   0.000|
Output<3>   |        11.222(R)|      SLOW  |         4.406(R)|      FAST  |CLOCK_BUFGP       |   0.000|
Output<4>   |        11.142(R)|      SLOW  |         4.273(R)|      FAST  |CLOCK_BUFGP       |   0.000|
Output<5>   |        11.353(R)|      SLOW  |         4.320(R)|      FAST  |CLOCK_BUFGP       |   0.000|
Output<6>   |        11.602(R)|      SLOW  |         4.589(R)|      FAST  |CLOCK_BUFGP       |   0.000|
Output<7>   |        12.479(R)|      SLOW  |         5.063(R)|      FAST  |CLOCK_BUFGP       |   0.000|
Output<8>   |        12.690(R)|      SLOW  |         5.182(R)|      FAST  |CLOCK_BUFGP       |   0.000|
Output<9>   |        13.093(R)|      SLOW  |         5.358(R)|      FAST  |CLOCK_BUFGP       |   0.000|
Output<10>  |        13.267(R)|      SLOW  |         5.589(R)|      FAST  |CLOCK_BUFGP       |   0.000|
Output<11>  |        13.191(R)|      SLOW  |         5.461(R)|      FAST  |CLOCK_BUFGP       |   0.000|
Output<12>  |        13.095(R)|      SLOW  |         5.324(R)|      FAST  |CLOCK_BUFGP       |   0.000|
Output<13>  |        13.094(R)|      SLOW  |         5.404(R)|      FAST  |CLOCK_BUFGP       |   0.000|
Output<14>  |        12.812(R)|      SLOW  |         5.337(R)|      FAST  |CLOCK_BUFGP       |   0.000|
Output<15>  |        11.948(R)|      SLOW  |         4.837(R)|      FAST  |CLOCK_BUFGP       |   0.000|
fif1out<0>  |        13.006(R)|      SLOW  |         6.134(R)|      FAST  |CLOCK_BUFGP       |   0.000|
fif1out<1>  |        15.030(R)|      SLOW  |         7.188(R)|      FAST  |CLOCK_BUFGP       |   0.000|
fif1out<2>  |        12.422(R)|      SLOW  |         5.782(R)|      FAST  |CLOCK_BUFGP       |   0.000|
fif1out<3>  |        11.965(R)|      SLOW  |         5.437(R)|      FAST  |CLOCK_BUFGP       |   0.000|
fif1out<4>  |        12.715(R)|      SLOW  |         5.841(R)|      FAST  |CLOCK_BUFGP       |   0.000|
fif1out<5>  |        12.683(R)|      SLOW  |         5.892(R)|      FAST  |CLOCK_BUFGP       |   0.000|
fif1out<6>  |        14.759(R)|      SLOW  |         7.021(R)|      FAST  |CLOCK_BUFGP       |   0.000|
fif1out<7>  |        15.761(R)|      SLOW  |         5.398(R)|      FAST  |CLOCK_BUFGP       |   0.000|
fif1out<8>  |        15.524(R)|      SLOW  |         5.277(R)|      FAST  |CLOCK_BUFGP       |   0.000|
fif1out<9>  |        15.544(R)|      SLOW  |         5.371(R)|      FAST  |CLOCK_BUFGP       |   0.000|
fif1out<10> |        17.694(R)|      SLOW  |         6.900(R)|      FAST  |CLOCK_BUFGP       |   0.000|
fif1out<11> |        17.080(R)|      SLOW  |         6.361(R)|      FAST  |CLOCK_BUFGP       |   0.000|
fif1out<12> |        15.630(R)|      SLOW  |         5.512(R)|      FAST  |CLOCK_BUFGP       |   0.000|
fif1out<13> |        16.606(R)|      SLOW  |         6.182(R)|      FAST  |CLOCK_BUFGP       |   0.000|
fif1out<14> |        16.593(R)|      SLOW  |         6.084(R)|      FAST  |CLOCK_BUFGP       |   0.000|
fif1out<15> |        15.781(R)|      SLOW  |         5.657(R)|      FAST  |CLOCK_BUFGP       |   0.000|
fif2out<0>  |        12.794(R)|      SLOW  |         6.010(R)|      FAST  |CLOCK_BUFGP       |   0.000|
fif2out<1>  |        12.469(R)|      SLOW  |         5.805(R)|      FAST  |CLOCK_BUFGP       |   0.000|
fif2out<2>  |        11.937(R)|      SLOW  |         5.610(R)|      FAST  |CLOCK_BUFGP       |   0.000|
fif2out<3>  |        11.814(R)|      SLOW  |         5.406(R)|      FAST  |CLOCK_BUFGP       |   0.000|
fif2out<4>  |        12.022(R)|      SLOW  |         5.480(R)|      FAST  |CLOCK_BUFGP       |   0.000|
fif2out<5>  |        14.946(R)|      SLOW  |         7.319(R)|      FAST  |CLOCK_BUFGP       |   0.000|
fif2out<6>  |        15.094(R)|      SLOW  |         7.398(R)|      FAST  |CLOCK_BUFGP       |   0.000|
fif2out<7>  |        15.157(R)|      SLOW  |         5.041(R)|      FAST  |CLOCK_BUFGP       |   0.000|
fif2out<8>  |        14.872(R)|      SLOW  |         5.110(R)|      FAST  |CLOCK_BUFGP       |   0.000|
fif2out<9>  |        15.296(R)|      SLOW  |         5.383(R)|      FAST  |CLOCK_BUFGP       |   0.000|
fif2out<10> |        14.904(R)|      SLOW  |         5.221(R)|      FAST  |CLOCK_BUFGP       |   0.000|
fif2out<11> |        15.288(R)|      SLOW  |         5.230(R)|      FAST  |CLOCK_BUFGP       |   0.000|
fif2out<12> |        14.924(R)|      SLOW  |         5.069(R)|      FAST  |CLOCK_BUFGP       |   0.000|
fif2out<13> |        15.173(R)|      SLOW  |         5.345(R)|      FAST  |CLOCK_BUFGP       |   0.000|
fif2out<14> |        15.278(R)|      SLOW  |         5.140(R)|      FAST  |CLOCK_BUFGP       |   0.000|
fif2out<15> |        15.049(R)|      SLOW  |         5.233(R)|      FAST  |CLOCK_BUFGP       |   0.000|
muxout<0>   |        13.998(R)|      SLOW  |         6.373(R)|      FAST  |CLOCK_BUFGP       |   0.000|
muxout<1>   |        16.099(R)|      SLOW  |         7.175(R)|      FAST  |CLOCK_BUFGP       |   0.000|
muxout<2>   |        12.801(R)|      SLOW  |         5.564(R)|      FAST  |CLOCK_BUFGP       |   0.000|
muxout<3>   |        14.484(R)|      SLOW  |         6.753(R)|      FAST  |CLOCK_BUFGP       |   0.000|
muxout<4>   |        14.666(R)|      SLOW  |         6.678(R)|      FAST  |CLOCK_BUFGP       |   0.000|
muxout<5>   |        17.156(R)|      SLOW  |         7.300(R)|      FAST  |CLOCK_BUFGP       |   0.000|
muxout<6>   |        15.811(R)|      SLOW  |         6.870(R)|      FAST  |CLOCK_BUFGP       |   0.000|
muxout<7>   |        17.651(R)|      SLOW  |         6.119(R)|      FAST  |CLOCK_BUFGP       |   0.000|
muxout<8>   |        16.704(R)|      SLOW  |         5.953(R)|      FAST  |CLOCK_BUFGP       |   0.000|
muxout<9>   |        17.145(R)|      SLOW  |         6.174(R)|      FAST  |CLOCK_BUFGP       |   0.000|
muxout<10>  |        18.069(R)|      SLOW  |         5.575(R)|      FAST  |CLOCK_BUFGP       |   0.000|
muxout<11>  |        16.539(R)|      SLOW  |         5.247(R)|      FAST  |CLOCK_BUFGP       |   0.000|
muxout<12>  |        17.664(R)|      SLOW  |         6.497(R)|      FAST  |CLOCK_BUFGP       |   0.000|
muxout<13>  |        16.706(R)|      SLOW  |         5.972(R)|      FAST  |CLOCK_BUFGP       |   0.000|
muxout<14>  |        16.978(R)|      SLOW  |         5.974(R)|      FAST  |CLOCK_BUFGP       |   0.000|
muxout<15>  |        17.739(R)|      SLOW  |         6.455(R)|      FAST  |CLOCK_BUFGP       |   0.000|
------------+-----------------+------------+-----------------+------------+------------------+--------+

Clock to Setup on destination clock CLOCK
---------------+---------+---------+---------+---------+
               | Src:Rise| Src:Fall| Src:Rise| Src:Fall|
Source Clock   |Dest:Rise|Dest:Rise|Dest:Fall|Dest:Fall|
---------------+---------+---------+---------+---------+
CLOCK          |   10.031|         |         |         |
---------------+---------+---------+---------+---------+

Pad to Pad
---------------+---------------+---------+
Source Pad     |Destination Pad|  Delay  |
---------------+---------------+---------+
DRAM_ADDR<0>   |Output<0>      |   14.880|
DRAM_ADDR<0>   |Output<1>      |   15.753|
DRAM_ADDR<0>   |Output<2>      |   12.803|
DRAM_ADDR<0>   |Output<3>      |   12.604|
DRAM_ADDR<0>   |Output<4>      |   12.101|
DRAM_ADDR<0>   |Output<5>      |   14.202|
DRAM_ADDR<0>   |Output<6>      |   14.139|
DRAM_ADDR<0>   |Output<7>      |   18.584|
DRAM_ADDR<0>   |Output<8>      |   18.662|
DRAM_ADDR<0>   |Output<9>      |   20.067|
DRAM_ADDR<0>   |Output<10>     |   16.491|
DRAM_ADDR<0>   |Output<11>     |   17.802|
DRAM_ADDR<0>   |Output<12>     |   20.132|
DRAM_ADDR<0>   |Output<13>     |   19.028|
DRAM_ADDR<0>   |Output<14>     |   18.232|
DRAM_ADDR<0>   |Output<15>     |   19.007|
DRAM_ADDR<1>   |Output<0>      |   14.645|
DRAM_ADDR<1>   |Output<1>      |   15.289|
DRAM_ADDR<1>   |Output<2>      |   12.944|
DRAM_ADDR<1>   |Output<3>      |   11.765|
DRAM_ADDR<1>   |Output<4>      |   11.780|
DRAM_ADDR<1>   |Output<5>      |   14.540|
DRAM_ADDR<1>   |Output<6>      |   15.195|
DRAM_ADDR<1>   |Output<7>      |   18.530|
DRAM_ADDR<1>   |Output<8>      |   18.047|
DRAM_ADDR<1>   |Output<9>      |   19.245|
DRAM_ADDR<1>   |Output<10>     |   16.220|
DRAM_ADDR<1>   |Output<11>     |   17.218|
DRAM_ADDR<1>   |Output<12>     |   19.389|
DRAM_ADDR<1>   |Output<13>     |   18.293|
DRAM_ADDR<1>   |Output<14>     |   17.693|
DRAM_ADDR<1>   |Output<15>     |   18.794|
DRAM_ADDR<2>   |Output<0>      |   15.015|
DRAM_ADDR<2>   |Output<1>      |   17.789|
DRAM_ADDR<2>   |Output<2>      |   13.949|
DRAM_ADDR<2>   |Output<3>      |   13.009|
DRAM_ADDR<2>   |Output<4>      |   11.466|
DRAM_ADDR<2>   |Output<5>      |   13.230|
DRAM_ADDR<2>   |Output<6>      |   14.828|
DRAM_ADDR<2>   |Output<7>      |   17.289|
DRAM_ADDR<2>   |Output<8>      |   18.272|
DRAM_ADDR<2>   |Output<9>      |   19.241|
DRAM_ADDR<2>   |Output<10>     |   18.969|
DRAM_ADDR<2>   |Output<11>     |   19.129|
DRAM_ADDR<2>   |Output<12>     |   19.260|
DRAM_ADDR<2>   |Output<13>     |   21.525|
DRAM_ADDR<2>   |Output<14>     |   21.803|
DRAM_ADDR<2>   |Output<15>     |   18.221|
DRAM_ADDR<3>   |Output<0>      |   16.053|
DRAM_ADDR<3>   |Output<1>      |   18.697|
DRAM_ADDR<3>   |Output<2>      |   14.865|
DRAM_ADDR<3>   |Output<3>      |   13.265|
DRAM_ADDR<3>   |Output<4>      |   12.442|
DRAM_ADDR<3>   |Output<5>      |   13.467|
DRAM_ADDR<3>   |Output<6>      |   15.540|
DRAM_ADDR<3>   |Output<7>      |   17.677|
DRAM_ADDR<3>   |Output<8>      |   18.418|
DRAM_ADDR<3>   |Output<9>      |   19.331|
DRAM_ADDR<3>   |Output<10>     |   19.873|
DRAM_ADDR<3>   |Output<11>     |   20.895|
DRAM_ADDR<3>   |Output<12>     |   20.196|
DRAM_ADDR<3>   |Output<13>     |   22.292|
DRAM_ADDR<3>   |Output<14>     |   21.434|
DRAM_ADDR<3>   |Output<15>     |   19.658|
DRAM_ADDR<4>   |Output<0>      |   14.951|
DRAM_ADDR<4>   |Output<1>      |   18.049|
DRAM_ADDR<4>   |Output<2>      |   13.969|
DRAM_ADDR<4>   |Output<3>      |   12.704|
DRAM_ADDR<4>   |Output<4>      |   11.861|
DRAM_ADDR<4>   |Output<5>      |   12.844|
DRAM_ADDR<4>   |Output<6>      |   14.536|
DRAM_ADDR<4>   |Output<7>      |   16.474|
DRAM_ADDR<4>   |Output<8>      |   17.168|
DRAM_ADDR<4>   |Output<9>      |   18.338|
DRAM_ADDR<4>   |Output<10>     |   19.343|
DRAM_ADDR<4>   |Output<11>     |   18.533|
DRAM_ADDR<4>   |Output<12>     |   18.244|
DRAM_ADDR<4>   |Output<13>     |   20.694|
DRAM_ADDR<4>   |Output<14>     |   20.197|
DRAM_ADDR<4>   |Output<15>     |   17.897|
DRAM_ADDR<5>   |Output<0>      |   14.964|
DRAM_ADDR<5>   |Output<1>      |   16.464|
DRAM_ADDR<5>   |Output<2>      |   15.097|
DRAM_ADDR<5>   |Output<3>      |   12.911|
DRAM_ADDR<5>   |Output<4>      |   11.417|
DRAM_ADDR<5>   |Output<5>      |   12.695|
DRAM_ADDR<5>   |Output<6>      |   14.653|
DRAM_ADDR<5>   |Output<7>      |   17.016|
DRAM_ADDR<5>   |Output<8>      |   17.480|
DRAM_ADDR<5>   |Output<9>      |   18.760|
DRAM_ADDR<5>   |Output<10>     |   16.855|
DRAM_ADDR<5>   |Output<11>     |   17.423|
DRAM_ADDR<5>   |Output<12>     |   18.796|
DRAM_ADDR<5>   |Output<13>     |   19.060|
DRAM_ADDR<5>   |Output<14>     |   17.737|
DRAM_ADDR<5>   |Output<15>     |   18.587|
DRAM_ADDR<6>   |Output<0>      |   15.284|
DRAM_ADDR<6>   |Output<1>      |   18.166|
DRAM_ADDR<6>   |Output<2>      |   14.311|
DRAM_ADDR<6>   |Output<3>      |   12.506|
DRAM_ADDR<6>   |Output<4>      |   11.722|
DRAM_ADDR<6>   |Output<5>      |   12.601|
DRAM_ADDR<6>   |Output<6>      |   14.295|
DRAM_ADDR<6>   |Output<7>      |   15.665|
DRAM_ADDR<6>   |Output<8>      |   17.342|
DRAM_ADDR<6>   |Output<9>      |   17.031|
DRAM_ADDR<6>   |Output<10>     |   19.211|
DRAM_ADDR<6>   |Output<11>     |   18.715|
DRAM_ADDR<6>   |Output<12>     |   17.302|
DRAM_ADDR<6>   |Output<13>     |   20.146|
DRAM_ADDR<6>   |Output<14>     |   20.222|
DRAM_ADDR<6>   |Output<15>     |   17.081|
DRAM_ADDR<7>   |Output<0>      |   13.245|
DRAM_ADDR<7>   |Output<1>      |   14.940|
DRAM_ADDR<7>   |Output<2>      |   13.498|
DRAM_ADDR<7>   |Output<3>      |   11.830|
DRAM_ADDR<7>   |Output<4>      |   10.763|
DRAM_ADDR<7>   |Output<5>      |   12.499|
DRAM_ADDR<7>   |Output<6>      |   13.795|
DRAM_ADDR<7>   |Output<7>      |   15.239|
DRAM_ADDR<7>   |Output<8>      |   16.819|
DRAM_ADDR<7>   |Output<9>      |   17.583|
DRAM_ADDR<7>   |Output<10>     |   15.490|
DRAM_ADDR<7>   |Output<11>     |   16.592|
DRAM_ADDR<7>   |Output<12>     |   17.603|
DRAM_ADDR<7>   |Output<13>     |   18.198|
DRAM_ADDR<7>   |Output<14>     |   16.895|
DRAM_ADDR<7>   |Output<15>     |   17.613|
DRAM_ADDR<8>   |Output<0>      |   11.702|
DRAM_ADDR<8>   |Output<1>      |   12.632|
DRAM_ADDR<8>   |Output<2>      |   10.728|
DRAM_ADDR<8>   |Output<3>      |    9.812|
DRAM_ADDR<8>   |Output<4>      |    9.483|
DRAM_ADDR<8>   |Output<5>      |   10.233|
DRAM_ADDR<8>   |Output<6>      |   10.777|
DRAM_ADDR<8>   |Output<7>      |   15.379|
DRAM_ADDR<8>   |Output<8>      |   14.989|
DRAM_ADDR<8>   |Output<9>      |   15.981|
DRAM_ADDR<8>   |Output<10>     |   14.071|
DRAM_ADDR<8>   |Output<11>     |   14.963|
DRAM_ADDR<8>   |Output<12>     |   16.125|
DRAM_ADDR<8>   |Output<13>     |   15.761|
DRAM_ADDR<8>   |Output<14>     |   15.439|
DRAM_ADDR<8>   |Output<15>     |   15.669|
DRAM_ADDR<9>   |Output<0>      |   11.729|
DRAM_ADDR<9>   |Output<1>      |   12.455|
DRAM_ADDR<9>   |Output<2>      |   10.914|
DRAM_ADDR<9>   |Output<3>      |    9.559|
DRAM_ADDR<9>   |Output<4>      |    9.318|
DRAM_ADDR<9>   |Output<5>      |    9.908|
DRAM_ADDR<9>   |Output<6>      |   10.473|
DRAM_ADDR<9>   |Output<7>      |   14.403|
DRAM_ADDR<9>   |Output<8>      |   14.089|
DRAM_ADDR<9>   |Output<9>      |   15.000|
DRAM_ADDR<9>   |Output<10>     |   13.875|
DRAM_ADDR<9>   |Output<11>     |   14.117|
DRAM_ADDR<9>   |Output<12>     |   15.307|
DRAM_ADDR<9>   |Output<13>     |   14.895|
DRAM_ADDR<9>   |Output<14>     |   14.352|
DRAM_ADDR<9>   |Output<15>     |   14.264|
DRAM_ADDR<10>  |Output<0>      |   12.458|
DRAM_ADDR<10>  |Output<1>      |   12.754|
DRAM_ADDR<10>  |Output<2>      |   11.947|
DRAM_ADDR<10>  |Output<3>      |    9.226|
DRAM_ADDR<10>  |Output<4>      |    8.975|
DRAM_ADDR<10>  |Output<5>      |   10.274|
DRAM_ADDR<10>  |Output<6>      |   11.572|
DRAM_ADDR<10>  |Output<7>      |   13.669|
DRAM_ADDR<10>  |Output<8>      |   14.585|
DRAM_ADDR<10>  |Output<9>      |   14.928|
DRAM_ADDR<10>  |Output<10>     |   16.771|
DRAM_ADDR<10>  |Output<11>     |   15.489|
DRAM_ADDR<10>  |Output<12>     |   15.203|
DRAM_ADDR<10>  |Output<13>     |   16.664|
DRAM_ADDR<10>  |Output<14>     |   16.472|
DRAM_ADDR<10>  |Output<15>     |   14.762|
MUX_SEL        |muxout<0>      |   11.273|
MUX_SEL        |muxout<1>      |   11.708|
MUX_SEL        |muxout<2>      |    9.586|
MUX_SEL        |muxout<3>      |   14.168|
MUX_SEL        |muxout<4>      |   13.608|
MUX_SEL        |muxout<5>      |   15.153|
MUX_SEL        |muxout<6>      |   13.375|
MUX_SEL        |muxout<7>      |   16.525|
MUX_SEL        |muxout<8>      |   14.810|
MUX_SEL        |muxout<9>      |   15.719|
MUX_SEL        |muxout<10>     |   12.843|
MUX_SEL        |muxout<11>     |   14.457|
MUX_SEL        |muxout<12>     |   17.999|
MUX_SEL        |muxout<13>     |   16.101|
MUX_SEL        |muxout<14>     |   16.089|
MUX_SEL        |muxout<15>     |   17.152|
---------------+---------------+---------+


Analysis completed Tue Aug 13 13:45:11 2013 
--------------------------------------------------------------------------------

Trace Settings:
-------------------------
Trace Settings 

Peak Memory Usage: 238 MB



