--------------------------------------------------------------------------------
Release 14.1 Trace  (nt64)
Copyright (c) 1995-2012 Xilinx, Inc.  All rights reserved.

C:\Xilinx\14.1\ISE_DS\ISE\bin\nt64\unwrapped\trce.exe -intstyle ise -v 3 -s 2
-n 3 -fastpaths -xml Datapath.twx Datapath.ncd -o Datapath.twr Datapath.pcf

Design file:              Datapath.ncd
Physical constraint file: Datapath.pcf
Device,package,speed:     xc6slx16,csg324,C,-2 (PRODUCTION 1.21 2012-04-23)
Report level:             verbose report

Environment Variable      Effect 
--------------------      ------ 
NONE                      No environment variables were set
--------------------------------------------------------------------------------

INFO:Timing:2698 - No timing constraints found, doing default enumeration.
INFO:Timing:3412 - To improve timing, see the Timing Closure User Guide (UG612).
INFO:Timing:2752 - To get complete path coverage, use the unconstrained paths 
   option. All paths that are not constrained will be reported in the 
   unconstrained paths section(s) of the report.
INFO:Timing:3339 - The clock-to-out numbers in this timing report are based on 
   a 50 Ohm transmission line loading model.  For the details of this model, 
   and for more information on accounting for different loading conditions, 
   please see the device datasheet.



Data Sheet report:
-----------------
All values displayed in nanoseconds (ns)

Setup/Hold to clock CLOCK
-------------+------------+------------+------------+------------+------------------+--------+
             |Max Setup to|  Process   |Max Hold to |  Process   |                  | Clock  |
Source       | clk (edge) |   Corner   | clk (edge) |   Corner   |Internal Clock(s) | Phase  |
-------------+------------+------------+------------+------------+------------------+--------+
DRAM_Count_en|    2.775(R)|      SLOW  |   -0.981(R)|      SLOW  |CLOCK_BUFGP       |   0.000|
DRAM_RESET   |    3.244(R)|      SLOW  |   -1.308(R)|      FAST  |CLOCK_BUFGP       |   0.000|
DRAM_WR_EN   |    7.277(R)|      SLOW  |   -1.943(R)|      FAST  |CLOCK_BUFGP       |   0.000|
FIFO1_RD_EN  |    8.255(R)|      SLOW  |   -2.506(R)|      FAST  |CLOCK_BUFGP       |   0.000|
FIFO1_WR_EN  |    8.348(R)|      SLOW  |   -2.085(R)|      FAST  |CLOCK_BUFGP       |   0.000|
FIFO2_RD_EN  |    6.956(R)|      SLOW  |   -1.206(R)|      FAST  |CLOCK_BUFGP       |   0.000|
FIFO2_WR_EN  |    6.992(R)|      SLOW  |   -1.596(R)|      FAST  |CLOCK_BUFGP       |   0.000|
Input<0>     |    1.828(R)|      SLOW  |   -0.151(R)|      SLOW  |CLOCK_BUFGP       |   0.000|
Input<1>     |    6.670(R)|      SLOW  |   -1.386(R)|      FAST  |CLOCK_BUFGP       |   0.000|
Input<2>     |    2.958(R)|      SLOW  |    0.248(R)|      SLOW  |CLOCK_BUFGP       |   0.000|
Input<3>     |    2.825(R)|      SLOW  |   -0.519(R)|      FAST  |CLOCK_BUFGP       |   0.000|
Input<4>     |    4.475(R)|      SLOW  |   -0.845(R)|      FAST  |CLOCK_BUFGP       |   0.000|
Input<5>     |    2.909(R)|      SLOW  |    0.067(R)|      SLOW  |CLOCK_BUFGP       |   0.000|
Input<6>     |    2.951(R)|      SLOW  |    0.240(R)|      SLOW  |CLOCK_BUFGP       |   0.000|
Input<7>     |    9.126(R)|      SLOW  |   -1.169(R)|      FAST  |CLOCK_BUFGP       |   0.000|
Input<8>     |    6.619(R)|      SLOW  |   -1.226(R)|      FAST  |CLOCK_BUFGP       |   0.000|
Input<9>     |    6.629(R)|      SLOW  |   -1.271(R)|      FAST  |CLOCK_BUFGP       |   0.000|
Input<10>    |    6.829(R)|      SLOW  |   -1.188(R)|      FAST  |CLOCK_BUFGP       |   0.000|
Input<11>    |    6.110(R)|      SLOW  |   -0.545(R)|      FAST  |CLOCK_BUFGP       |   0.000|
Input<12>    |    4.618(R)|      SLOW  |   -0.405(R)|      SLOW  |CLOCK_BUFGP       |   0.000|
Input<13>    |    5.983(R)|      SLOW  |   -0.481(R)|      FAST  |CLOCK_BUFGP       |   0.000|
Input<14>    |    7.097(R)|      SLOW  |   -0.480(R)|      FAST  |CLOCK_BUFGP       |   0.000|
Input<15>    |    5.187(R)|      SLOW  |   -0.515(R)|      FAST  |CLOCK_BUFGP       |   0.000|
MUX_SEL      |    8.753(R)|      SLOW  |   -0.848(R)|      FAST  |CLOCK_BUFGP       |   0.000|
RESET        |   11.694(R)|      SLOW  |   -0.089(R)|      SLOW  |CLOCK_BUFGP       |   0.000|
-------------+------------+------------+------------+------------+------------------+--------+

Clock CLOCK to Pad
------------+-----------------+------------+-----------------+------------+------------------+--------+
            |Max (slowest) clk|  Process   |Min (fastest) clk|  Process   |                  | Clock  |
Destination |  (edge) to PAD  |   Corner   |  (edge) to PAD  |   Corner   |Internal Clock(s) | Phase  |
------------+-----------------+------------+-----------------+------------+------------------+--------+
FIFO1_EMPTY |        10.855(R)|      SLOW  |         4.716(R)|      FAST  |CLOCK_BUFGP       |   0.000|
FIFO1_FULL  |        11.913(R)|      SLOW  |         5.402(R)|      FAST  |CLOCK_BUFGP       |   0.000|
FIFO2_EMPTY |        10.575(R)|      SLOW  |         4.573(R)|      FAST  |CLOCK_BUFGP       |   0.000|
FIFO2_FULL  |        10.303(R)|      SLOW  |         4.495(R)|      FAST  |CLOCK_BUFGP       |   0.000|
Output<0>   |        19.328(R)|      SLOW  |         5.283(R)|      FAST  |CLOCK_BUFGP       |   0.000|
Output<1>   |        18.589(R)|      SLOW  |         4.951(R)|      FAST  |CLOCK_BUFGP       |   0.000|
Output<2>   |        15.821(R)|      SLOW  |         4.197(R)|      FAST  |CLOCK_BUFGP       |   0.000|
Output<3>   |        15.244(R)|      SLOW  |         4.336(R)|      FAST  |CLOCK_BUFGP       |   0.000|
Output<4>   |        14.975(R)|      SLOW  |         4.533(R)|      FAST  |CLOCK_BUFGP       |   0.000|
Output<5>   |        17.052(R)|      SLOW  |         5.072(R)|      FAST  |CLOCK_BUFGP       |   0.000|
Output<6>   |        17.147(R)|      SLOW  |         4.973(R)|      FAST  |CLOCK_BUFGP       |   0.000|
Output<7>   |        13.933(R)|      SLOW  |         4.431(R)|      FAST  |CLOCK_BUFGP       |   0.000|
Output<8>   |        13.865(R)|      SLOW  |         4.371(R)|      FAST  |CLOCK_BUFGP       |   0.000|
Output<9>   |        12.742(R)|      SLOW  |         4.283(R)|      FAST  |CLOCK_BUFGP       |   0.000|
Output<10>  |        18.215(R)|      SLOW  |         5.178(R)|      FAST  |CLOCK_BUFGP       |   0.000|
Output<11>  |        15.280(R)|      SLOW  |         4.454(R)|      FAST  |CLOCK_BUFGP       |   0.000|
Output<12>  |        16.598(R)|      SLOW  |         5.082(R)|      FAST  |CLOCK_BUFGP       |   0.000|
Output<13>  |        15.392(R)|      SLOW  |         4.315(R)|      FAST  |CLOCK_BUFGP       |   0.000|
Output<14>  |        16.554(R)|      SLOW  |         4.777(R)|      FAST  |CLOCK_BUFGP       |   0.000|
Output<15>  |        16.436(R)|      SLOW  |         4.471(R)|      FAST  |CLOCK_BUFGP       |   0.000|
fif1out<0>  |        14.098(R)|      SLOW  |         6.739(R)|      FAST  |CLOCK_BUFGP       |   0.000|
fif1out<1>  |        15.317(R)|      SLOW  |         7.478(R)|      FAST  |CLOCK_BUFGP       |   0.000|
fif1out<2>  |        13.385(R)|      SLOW  |         6.281(R)|      FAST  |CLOCK_BUFGP       |   0.000|
fif1out<3>  |        14.170(R)|      SLOW  |         6.735(R)|      FAST  |CLOCK_BUFGP       |   0.000|
fif1out<4>  |        16.709(R)|      SLOW  |         8.164(R)|      FAST  |CLOCK_BUFGP       |   0.000|
fif1out<5>  |        13.027(R)|      SLOW  |         6.150(R)|      FAST  |CLOCK_BUFGP       |   0.000|
fif1out<6>  |        12.944(R)|      SLOW  |         6.063(R)|      FAST  |CLOCK_BUFGP       |   0.000|
fif1out<7>  |        17.302(R)|      SLOW  |         6.266(R)|      FAST  |CLOCK_BUFGP       |   0.000|
fif1out<8>  |        16.596(R)|      SLOW  |         6.193(R)|      FAST  |CLOCK_BUFGP       |   0.000|
fif1out<9>  |        17.025(R)|      SLOW  |         6.323(R)|      FAST  |CLOCK_BUFGP       |   0.000|
fif1out<10> |        16.931(R)|      SLOW  |         6.108(R)|      FAST  |CLOCK_BUFGP       |   0.000|
fif1out<11> |        16.924(R)|      SLOW  |         6.268(R)|      FAST  |CLOCK_BUFGP       |   0.000|
fif1out<12> |        17.686(R)|      SLOW  |         6.527(R)|      FAST  |CLOCK_BUFGP       |   0.000|
fif1out<13> |        16.887(R)|      SLOW  |         6.083(R)|      FAST  |CLOCK_BUFGP       |   0.000|
fif1out<14> |        16.895(R)|      SLOW  |         6.024(R)|      FAST  |CLOCK_BUFGP       |   0.000|
fif1out<15> |        16.754(R)|      SLOW  |         5.960(R)|      FAST  |CLOCK_BUFGP       |   0.000|
fif2out<0>  |        13.549(R)|      SLOW  |         6.386(R)|      FAST  |CLOCK_BUFGP       |   0.000|
fif2out<1>  |        12.783(R)|      SLOW  |         5.936(R)|      FAST  |CLOCK_BUFGP       |   0.000|
fif2out<2>  |        12.886(R)|      SLOW  |         6.051(R)|      FAST  |CLOCK_BUFGP       |   0.000|
fif2out<3>  |        13.304(R)|      SLOW  |         6.203(R)|      FAST  |CLOCK_BUFGP       |   0.000|
fif2out<4>  |        14.034(R)|      SLOW  |         6.695(R)|      FAST  |CLOCK_BUFGP       |   0.000|
fif2out<5>  |        12.988(R)|      SLOW  |         6.130(R)|      FAST  |CLOCK_BUFGP       |   0.000|
fif2out<6>  |        12.675(R)|      SLOW  |         6.004(R)|      FAST  |CLOCK_BUFGP       |   0.000|
fif2out<7>  |        15.808(R)|      SLOW  |         5.980(R)|      FAST  |CLOCK_BUFGP       |   0.000|
fif2out<8>  |        15.665(R)|      SLOW  |         5.797(R)|      FAST  |CLOCK_BUFGP       |   0.000|
fif2out<9>  |        15.642(R)|      SLOW  |         5.925(R)|      FAST  |CLOCK_BUFGP       |   0.000|
fif2out<10> |        15.381(R)|      SLOW  |         5.397(R)|      FAST  |CLOCK_BUFGP       |   0.000|
fif2out<11> |        16.337(R)|      SLOW  |         6.483(R)|      FAST  |CLOCK_BUFGP       |   0.000|
fif2out<12> |        15.259(R)|      SLOW  |         5.776(R)|      FAST  |CLOCK_BUFGP       |   0.000|
fif2out<13> |        16.481(R)|      SLOW  |         6.295(R)|      FAST  |CLOCK_BUFGP       |   0.000|
fif2out<14> |        15.753(R)|      SLOW  |         6.109(R)|      FAST  |CLOCK_BUFGP       |   0.000|
fif2out<15> |        15.656(R)|      SLOW  |         5.978(R)|      FAST  |CLOCK_BUFGP       |   0.000|
muxout<0>   |        15.665(R)|      SLOW  |         7.513(R)|      FAST  |CLOCK_BUFGP       |   0.000|
muxout<1>   |        17.043(R)|      SLOW  |         6.628(R)|      FAST  |CLOCK_BUFGP       |   0.000|
muxout<2>   |        13.966(R)|      SLOW  |         5.695(R)|      FAST  |CLOCK_BUFGP       |   0.000|
muxout<3>   |        14.464(R)|      SLOW  |         6.611(R)|      FAST  |CLOCK_BUFGP       |   0.000|
muxout<4>   |        16.535(R)|      SLOW  |         7.057(R)|      FAST  |CLOCK_BUFGP       |   0.000|
muxout<5>   |        14.095(R)|      SLOW  |         6.498(R)|      FAST  |CLOCK_BUFGP       |   0.000|
muxout<6>   |        14.416(R)|      SLOW  |         6.062(R)|      FAST  |CLOCK_BUFGP       |   0.000|
muxout<7>   |        17.464(R)|      SLOW  |         6.224(R)|      FAST  |CLOCK_BUFGP       |   0.000|
muxout<8>   |        17.311(R)|      SLOW  |         6.407(R)|      FAST  |CLOCK_BUFGP       |   0.000|
muxout<9>   |        17.506(R)|      SLOW  |         6.307(R)|      FAST  |CLOCK_BUFGP       |   0.000|
muxout<10>  |        18.553(R)|      SLOW  |         6.707(R)|      FAST  |CLOCK_BUFGP       |   0.000|
muxout<11>  |        17.506(R)|      SLOW  |         6.163(R)|      FAST  |CLOCK_BUFGP       |   0.000|
muxout<12>  |        19.129(R)|      SLOW  |         7.406(R)|      FAST  |CLOCK_BUFGP       |   0.000|
muxout<13>  |        18.375(R)|      SLOW  |         6.266(R)|      FAST  |CLOCK_BUFGP       |   0.000|
muxout<14>  |        18.590(R)|      SLOW  |         7.058(R)|      FAST  |CLOCK_BUFGP       |   0.000|
muxout<15>  |        19.530(R)|      SLOW  |         6.879(R)|      FAST  |CLOCK_BUFGP       |   0.000|
------------+-----------------+------------+-----------------+------------+------------------+--------+

Clock to Setup on destination clock CLOCK
---------------+---------+---------+---------+---------+
               | Src:Rise| Src:Fall| Src:Rise| Src:Fall|
Source Clock   |Dest:Rise|Dest:Rise|Dest:Fall|Dest:Fall|
---------------+---------+---------+---------+---------+
CLOCK          |    9.890|         |         |         |
---------------+---------+---------+---------+---------+

Pad to Pad
---------------+---------------+---------+
Source Pad     |Destination Pad|  Delay  |
---------------+---------------+---------+
MUX_SEL        |muxout<0>      |   12.877|
MUX_SEL        |muxout<1>      |   12.622|
MUX_SEL        |muxout<2>      |   11.304|
MUX_SEL        |muxout<3>      |   12.929|
MUX_SEL        |muxout<4>      |   13.013|
MUX_SEL        |muxout<5>      |   11.124|
MUX_SEL        |muxout<6>      |   11.007|
MUX_SEL        |muxout<7>      |   15.028|
MUX_SEL        |muxout<8>      |   15.641|
MUX_SEL        |muxout<9>      |   14.092|
MUX_SEL        |muxout<10>     |   11.856|
MUX_SEL        |muxout<11>     |   15.910|
MUX_SEL        |muxout<12>     |   18.437|
MUX_SEL        |muxout<13>     |   16.391|
MUX_SEL        |muxout<14>     |   17.960|
MUX_SEL        |muxout<15>     |   18.191|
---------------+---------------+---------+


Analysis completed Fri Aug 16 18:05:01 2013 
--------------------------------------------------------------------------------

Trace Settings:
-------------------------
Trace Settings 

Peak Memory Usage: 238 MB



