--------------------------------------------------------------------------------
Release 14.1 Trace  (nt64)
Copyright (c) 1995-2012 Xilinx, Inc.  All rights reserved.

C:\Xilinx\14.1\ISE_DS\ISE\bin\nt64\unwrapped\trce.exe -intstyle ise -v 3 -s 2
-n 3 -fastpaths -xml top.twx top.ncd -o top.twr top.pcf

Design file:              top.ncd
Physical constraint file: top.pcf
Device,package,speed:     xc6slx16,csg324,C,-2 (PRODUCTION 1.21 2012-04-23)
Report level:             verbose report

Environment Variable      Effect 
--------------------      ------ 
NONE                      No environment variables were set
--------------------------------------------------------------------------------

INFO:Timing:2698 - No timing constraints found, doing default enumeration.
INFO:Timing:3412 - To improve timing, see the Timing Closure User Guide (UG612).
INFO:Timing:2752 - To get complete path coverage, use the unconstrained paths 
   option. All paths that are not constrained will be reported in the 
   unconstrained paths section(s) of the report.
INFO:Timing:3339 - The clock-to-out numbers in this timing report are based on 
   a 50 Ohm transmission line loading model.  For the details of this model, 
   and for more information on accounting for different loading conditions, 
   please see the device datasheet.



Data Sheet report:
-----------------
All values displayed in nanoseconds (ns)

Setup/Hold to clock CLOCK
------------+------------+------------+------------+------------+------------------+--------+
            |Max Setup to|  Process   |Max Hold to |  Process   |                  | Clock  |
Source      | clk (edge) |   Corner   | clk (edge) |   Corner   |Internal Clock(s) | Phase  |
------------+------------+------------+------------+------------+------------------+--------+
Input<0>    |    3.541(R)|      SLOW  |   -1.076(R)|      FAST  |CLOCK_BUFGP       |   0.000|
Input<1>    |    4.726(R)|      SLOW  |   -1.595(R)|      FAST  |CLOCK_BUFGP       |   0.000|
Input<2>    |    5.461(R)|      SLOW  |   -1.517(R)|      FAST  |CLOCK_BUFGP       |   0.000|
Input<3>    |    2.220(R)|      SLOW  |   -0.024(R)|      SLOW  |CLOCK_BUFGP       |   0.000|
Input<4>    |    3.221(R)|      SLOW  |   -0.820(R)|      FAST  |CLOCK_BUFGP       |   0.000|
Input<5>    |    3.421(R)|      SLOW  |   -0.528(R)|      FAST  |CLOCK_BUFGP       |   0.000|
Input<6>    |    2.850(R)|      SLOW  |   -0.238(R)|      SLOW  |CLOCK_BUFGP       |   0.000|
Input<7>    |    7.227(R)|      SLOW  |   -1.362(R)|      FAST  |CLOCK_BUFGP       |   0.000|
Input<8>    |    8.459(R)|      SLOW  |   -1.544(R)|      FAST  |CLOCK_BUFGP       |   0.000|
Input<9>    |    9.637(R)|      SLOW  |   -1.890(R)|      FAST  |CLOCK_BUFGP       |   0.000|
Input<10>   |    8.558(R)|      SLOW  |   -1.531(R)|      FAST  |CLOCK_BUFGP       |   0.000|
Input<11>   |    8.338(R)|      SLOW  |   -1.476(R)|      FAST  |CLOCK_BUFGP       |   0.000|
Input<12>   |    7.525(R)|      SLOW  |   -1.475(R)|      FAST  |CLOCK_BUFGP       |   0.000|
Input<13>   |    6.926(R)|      SLOW  |   -1.423(R)|      FAST  |CLOCK_BUFGP       |   0.000|
Input<14>   |    9.715(R)|      SLOW  |   -1.380(R)|      FAST  |CLOCK_BUFGP       |   0.000|
Input<15>   |    7.635(R)|      SLOW  |   -1.511(R)|      FAST  |CLOCK_BUFGP       |   0.000|
RESET       |    9.235(R)|      SLOW  |   -0.017(R)|      SLOW  |CLOCK_BUFGP       |   0.000|
process_data|    3.482(R)|      SLOW  |   -1.749(R)|      FAST  |CLOCK_BUFGP       |   0.000|
------------+------------+------------+------------+------------+------------------+--------+

Clock CLOCK to Pad
------------+-----------------+------------+-----------------+------------+------------------+--------+
            |Max (slowest) clk|  Process   |Min (fastest) clk|  Process   |                  | Clock  |
Destination |  (edge) to PAD  |   Corner   |  (edge) to PAD  |   Corner   |Internal Clock(s) | Phase  |
------------+-----------------+------------+-----------------+------------+------------------+--------+
Output<0>   |        20.125(R)|      SLOW  |         5.988(R)|      FAST  |CLOCK_BUFGP       |   0.000|
Output<1>   |        14.611(R)|      SLOW  |         4.334(R)|      FAST  |CLOCK_BUFGP       |   0.000|
Output<2>   |        19.884(R)|      SLOW  |         5.133(R)|      FAST  |CLOCK_BUFGP       |   0.000|
Output<3>   |        16.541(R)|      SLOW  |         4.587(R)|      FAST  |CLOCK_BUFGP       |   0.000|
Output<4>   |        16.490(R)|      SLOW  |         4.378(R)|      FAST  |CLOCK_BUFGP       |   0.000|
Output<5>   |        15.154(R)|      SLOW  |         4.624(R)|      FAST  |CLOCK_BUFGP       |   0.000|
Output<6>   |        16.447(R)|      SLOW  |         4.538(R)|      FAST  |CLOCK_BUFGP       |   0.000|
Output<7>   |        17.493(R)|      SLOW  |         5.249(R)|      FAST  |CLOCK_BUFGP       |   0.000|
Output<8>   |        16.836(R)|      SLOW  |         4.942(R)|      FAST  |CLOCK_BUFGP       |   0.000|
Output<9>   |        19.509(R)|      SLOW  |         5.243(R)|      FAST  |CLOCK_BUFGP       |   0.000|
Output<10>  |        18.240(R)|      SLOW  |         5.170(R)|      FAST  |CLOCK_BUFGP       |   0.000|
Output<11>  |        14.187(R)|      SLOW  |         4.416(R)|      FAST  |CLOCK_BUFGP       |   0.000|
Output<12>  |        14.372(R)|      SLOW  |         4.238(R)|      FAST  |CLOCK_BUFGP       |   0.000|
Output<13>  |        15.637(R)|      SLOW  |         4.960(R)|      FAST  |CLOCK_BUFGP       |   0.000|
Output<14>  |        16.178(R)|      SLOW  |         5.134(R)|      FAST  |CLOCK_BUFGP       |   0.000|
Output<15>  |        14.329(R)|      SLOW  |         4.430(R)|      FAST  |CLOCK_BUFGP       |   0.000|
Stall       |        11.646(R)|      SLOW  |         4.974(R)|      FAST  |CLOCK_BUFGP       |   0.000|
fif1out<0>  |        15.829(R)|      SLOW  |         7.765(R)|      FAST  |CLOCK_BUFGP       |   0.000|
fif1out<1>  |        16.402(R)|      SLOW  |         8.060(R)|      FAST  |CLOCK_BUFGP       |   0.000|
fif1out<2>  |        16.526(R)|      SLOW  |         8.129(R)|      FAST  |CLOCK_BUFGP       |   0.000|
fif1out<3>  |        13.626(R)|      SLOW  |         6.486(R)|      FAST  |CLOCK_BUFGP       |   0.000|
fif1out<4>  |        13.500(R)|      SLOW  |         6.437(R)|      FAST  |CLOCK_BUFGP       |   0.000|
fif1out<5>  |        13.661(R)|      SLOW  |         6.473(R)|      FAST  |CLOCK_BUFGP       |   0.000|
fif1out<6>  |        14.366(R)|      SLOW  |         6.937(R)|      FAST  |CLOCK_BUFGP       |   0.000|
fif1out<7>  |        17.539(R)|      SLOW  |         6.272(R)|      FAST  |CLOCK_BUFGP       |   0.000|
fif1out<8>  |        16.276(R)|      SLOW  |         5.561(R)|      FAST  |CLOCK_BUFGP       |   0.000|
fif1out<9>  |        17.040(R)|      SLOW  |         6.336(R)|      FAST  |CLOCK_BUFGP       |   0.000|
fif1out<10> |        16.954(R)|      SLOW  |         5.668(R)|      FAST  |CLOCK_BUFGP       |   0.000|
fif1out<11> |        17.289(R)|      SLOW  |         6.541(R)|      FAST  |CLOCK_BUFGP       |   0.000|
fif1out<12> |        16.230(R)|      SLOW  |         5.790(R)|      FAST  |CLOCK_BUFGP       |   0.000|
fif1out<13> |        16.238(R)|      SLOW  |         5.670(R)|      FAST  |CLOCK_BUFGP       |   0.000|
fif1out<14> |        16.126(R)|      SLOW  |         5.585(R)|      FAST  |CLOCK_BUFGP       |   0.000|
fif1out<15> |        16.339(R)|      SLOW  |         5.877(R)|      FAST  |CLOCK_BUFGP       |   0.000|
fif2out<0>  |        15.042(R)|      SLOW  |         7.230(R)|      FAST  |CLOCK_BUFGP       |   0.000|
fif2out<1>  |        13.872(R)|      SLOW  |         6.565(R)|      FAST  |CLOCK_BUFGP       |   0.000|
fif2out<2>  |        14.315(R)|      SLOW  |         6.727(R)|      FAST  |CLOCK_BUFGP       |   0.000|
fif2out<3>  |        12.475(R)|      SLOW  |         5.712(R)|      FAST  |CLOCK_BUFGP       |   0.000|
fif2out<4>  |        12.641(R)|      SLOW  |         5.892(R)|      FAST  |CLOCK_BUFGP       |   0.000|
fif2out<5>  |        12.203(R)|      SLOW  |         5.591(R)|      FAST  |CLOCK_BUFGP       |   0.000|
fif2out<6>  |        11.844(R)|      SLOW  |         5.426(R)|      FAST  |CLOCK_BUFGP       |   0.000|
fif2out<7>  |        15.263(R)|      SLOW  |         5.874(R)|      FAST  |CLOCK_BUFGP       |   0.000|
fif2out<8>  |        15.391(R)|      SLOW  |         5.837(R)|      FAST  |CLOCK_BUFGP       |   0.000|
fif2out<9>  |        14.952(R)|      SLOW  |         5.391(R)|      FAST  |CLOCK_BUFGP       |   0.000|
fif2out<10> |        15.480(R)|      SLOW  |         6.017(R)|      FAST  |CLOCK_BUFGP       |   0.000|
fif2out<11> |        15.271(R)|      SLOW  |         5.415(R)|      FAST  |CLOCK_BUFGP       |   0.000|
fif2out<12> |        15.421(R)|      SLOW  |         5.985(R)|      FAST  |CLOCK_BUFGP       |   0.000|
fif2out<13> |        15.406(R)|      SLOW  |         5.578(R)|      FAST  |CLOCK_BUFGP       |   0.000|
fif2out<14> |        15.503(R)|      SLOW  |         6.079(R)|      FAST  |CLOCK_BUFGP       |   0.000|
fif2out<15> |        15.584(R)|      SLOW  |         6.022(R)|      FAST  |CLOCK_BUFGP       |   0.000|
muxout<0>   |        16.556(R)|      SLOW  |         6.638(R)|      FAST  |CLOCK_BUFGP       |   0.000|
muxout<1>   |        17.639(R)|      SLOW  |         5.624(R)|      FAST  |CLOCK_BUFGP       |   0.000|
muxout<2>   |        17.417(R)|      SLOW  |         7.829(R)|      FAST  |CLOCK_BUFGP       |   0.000|
muxout<3>   |        14.643(R)|      SLOW  |         5.979(R)|      FAST  |CLOCK_BUFGP       |   0.000|
muxout<4>   |        14.718(R)|      SLOW  |         5.676(R)|      FAST  |CLOCK_BUFGP       |   0.000|
muxout<5>   |        15.263(R)|      SLOW  |         6.194(R)|      FAST  |CLOCK_BUFGP       |   0.000|
muxout<6>   |        14.534(R)|      SLOW  |         5.729(R)|      FAST  |CLOCK_BUFGP       |   0.000|
muxout<7>   |        18.916(R)|      SLOW  |         5.778(R)|      FAST  |CLOCK_BUFGP       |   0.000|
muxout<8>   |        17.117(R)|      SLOW  |         5.317(R)|      FAST  |CLOCK_BUFGP       |   0.000|
muxout<9>   |        18.961(R)|      SLOW  |         6.791(R)|      FAST  |CLOCK_BUFGP       |   0.000|
muxout<10>  |        18.441(R)|      SLOW  |         6.429(R)|      FAST  |CLOCK_BUFGP       |   0.000|
muxout<11>  |        17.966(R)|      SLOW  |         5.174(R)|      FAST  |CLOCK_BUFGP       |   0.000|
muxout<12>  |        18.118(R)|      SLOW  |         4.857(R)|      FAST  |CLOCK_BUFGP       |   0.000|
muxout<13>  |        17.812(R)|      SLOW  |         5.724(R)|      FAST  |CLOCK_BUFGP       |   0.000|
muxout<14>  |        17.591(R)|      SLOW  |         5.583(R)|      FAST  |CLOCK_BUFGP       |   0.000|
muxout<15>  |        18.742(R)|      SLOW  |         5.227(R)|      FAST  |CLOCK_BUFGP       |   0.000|
------------+-----------------+------------+-----------------+------------+------------------+--------+

Clock to Setup on destination clock CLOCK
---------------+---------+---------+---------+---------+
               | Src:Rise| Src:Fall| Src:Rise| Src:Fall|
Source Clock   |Dest:Rise|Dest:Rise|Dest:Fall|Dest:Fall|
---------------+---------+---------+---------+---------+
CLOCK          |   11.013|         |         |         |
---------------+---------+---------+---------+---------+


Analysis completed Fri Aug 16 19:01:34 2013 
--------------------------------------------------------------------------------

Trace Settings:
-------------------------
Trace Settings 

Peak Memory Usage: 237 MB



